// Jest Snapshot v1, https://goo.gl/fbAQLP

exports[`FilterByDropdown.vue matches snapshot with no props assigned 1`] = `
"<floating-ui-stub placement=\\"bottom-start\\" strategy=\\"absolute\\" overflowpadding=\\"5\\" arrowpadding=\\"5\\" offset=\\"10\\" shift=\\"true\\" popperclass=\\"absolute border shadow-lg rounded-md bg-gray-100 dark:border-gray-600 dark:bg-gray-700 w-72 z-50\\" arrowclass=\\"absolute bg-gray-100 border dark:border-gray-600 dark:bg-gray-700 w-3 h-3 rotate-45\\" placementtoparrowclass=\\"-bottom-1.5 border-t-0 border-l-0\\" placementrightarrowclass=\\"-left-1.5 border-t-0 border-r-0\\" placementbottomarrowclass=\\"-top-1.5 border-b-0 border-r-0\\" placementleftarrowclass=\\"-right-1.5 border-b-0 border-l-0\\" data-id=\\"sds-filter-by-dropdown\\"><button id=\\"\\" type=\\"button\\" aria-haspopup=\\"true\\" class=\\"link link-secondary\\"><span>Filter</span> <svg xmlns=\\"http://www.w3.org/2000/svg\\" viewBox=\\"0 0 20 20\\" fill=\\"currentColor\\" class=\\"inline-block self-center w-5 h-5 -mr-1\\">
      <path fill-rule=\\"evenodd\\" d=\\"M5.293 7.293a1 1 0 011.414 0L10 10.586l3.293-3.293a1 1 0 111.414 1.414l-4 4a1 1 0 01-1.414 0l-4-4a1 1 0 010-1.414z\\" clip-rule=\\"evenodd\\"></path>
    </svg></button>
  <div aria-orientation=\\"vertical\\" class=\\"p-2\\">
    <!---->
    <div class=\\"pb-2 mb-2 space-x-1 space-y-2 border-b dark:border-gray-500\\"><label class=\\"text-gray-900 dark:text-gray-50 flex gap-1 w-max\\"><input type=\\"checkbox\\" class=\\"my-auto\\"> <span class=\\"my-auto\\">Select all</span></label></div>
    <div class=\\"scroll-area max-h-48\\">
      <ul></ul>
    </div>
    <div class=\\"pt-4 space-y-2\\"><button class=\\"btn btn-blue btn-block btn-sm\\">
        Apply filter
      </button> <button class=\\"btn btn-default btn-block btn-sm\\">
        Cancel
      </button></div>
  </div>
</floating-ui-stub>"
`;
