// Jest Snapshot v1, https://goo.gl/fbAQLP

exports[`Tabs should match its default snapshot 1`] = `
<div
  data-id="sds-tabs"
>
  <div
    class="overflow-x-auto bg-gray-100 dark:bg-gray-700 rounded-t"
  >
    <ul
      class="flex whitespace-nowrap z-10"
      role="tablist"
    />
  </div>
   
</div>
`;
