// Jest Snapshot v1, https://goo.gl/fbAQLP

exports[`Multiselect.vue matches snapshot with no props assigned 1`] = `
"<div data-id=\\"sds-multiselect\\" class=\\"multiselect canSearch\\">
  <ul class=\\"tag-list single\\">
    <li class=\\"tag-list-item input\\" style=\\"width: 0px;\\"><span aria-hidden=\\"true\\" class=\\"faux-input\\">

      </span>
      <!----> <input placeholder=\\"\\" autocapitalize=\\"off\\" autocomplete=\\"off\\" spellcheck=\\"false\\" autocorrect=\\"off\\" type=\\"text\\" class=\\"p-0 m-0 border-0 focus:shadow-none focus:ring-0\\" style=\\"width: 0px;\\"></li>
  </ul>
  <!---->
  <div aria-hidden=\\"true\\" class=\\"multiselect-caret\\"></div>
  <!---->
</div>"
`;
