// Jest Snapshot v1, https://goo.gl/fbAQLP

exports[`LayoutSeiExternal should match its default snapshot 1`] = `
<div
  class="flex flex-col w-full min-h-screen text-gray-900 bg-white"
  data-id="sds-layout-sei-external"
>
  <layout-sei-external-header-stub
    page="[object Object]"
  />
   
  <!---->
   
  <main
    class="flex-grow"
  >
    <div
      class=""
    >
      <div
        class="container p-4 mx-auto md:p-8"
      />
    </div>
  </main>
   
  <layout-sei-external-footer-stub />
</div>
`;
