// Jest Snapshot v1, https://goo.gl/fbAQLP

exports[`Avatar should match its default snapshot 1`] = `
<div
  class="inline-flex items-center justify-center bg-blue-200 w-16 h-20"
  data-id="sds-avatar"
>
  <span
    class="leading-none text-black cursor-default uppercase text-2xl"
    title=""
  >
    
    
  
  </span>
</div>
`;

exports[`Avatar should match its variant: random, size: lg, shape: circle, name: Matt Winwood, and src snapshot 1`] = `
<div
  class="inline-flex items-center justify-center bg-red-200 w-44 h-44 rounded-full"
  data-id="sds-avatar"
>
  <div
    class="bg-cover bg-center w-44 h-44 rounded-full"
    style="background-image: url(https://seinet.sei.cmu.edu/api/photos/mrwinwood?full=true);"
    title="Matt Winwood"
  />
</div>
`;
