// Jest Snapshot v1, https://goo.gl/fbAQLP

exports[`LayoutSeiExternalHeader should match its default snapshot 1`] = `
<header
  data-id="sds-layout-sei-external-header"
>
  <div
    class="bg-red-500"
  >
    <div
      class="container px-4 py-2 mx-auto md:px-8"
    >
      <a
        class="block w-80"
        href="https://www.cmu.edu/"
        target="_self"
      >
        <layout-sei-external-wordmark-stub
          class="text-white fill-current h-7"
        />
         
        <span
          class="sr-only"
        >
          Carnegie Mellon University
        </span>
      </a>
    </div>
  </div>
   
  <div
    class="text-gray-700 bg-white"
  >
    <div
      class="container px-4 pt-8 mx-auto space-y-8 md:px-8"
    >
      <div
        class="pb-6 space-y-4 border-b"
      >
        <h1
          class="text-5xl font-extralight"
        >
          <a
            class="break-words hover:text-red-500"
            href="https://sei.cmu.edu"
          >
            Software Engineering Institute
          </a>
        </h1>
         
        <!---->
      </div>
    </div>
  </div>
</header>
`;
